PLINK v1.9.0-b.8 64-bit (22 Oct 2024)
Options in effect:
  --allow-extra-chr
  --bfile embark_idahux_removed/ccny-genomics_public_markers_filtered
  --chr-set 42
  --make-bed
  --merge-list merge_list.txt
  --out refpanel_plusHuxleyandIda

Hostname: FAS-GJ3WCJFTQ4
Working directory: /Users/adamfreedman/workspace/AncestrySnpsToPcaDemo/data
Start time: Tue Sep 29 17:15:10 2026

Random number seed: 1790716510
18432 MB RAM detected; reserving 9216 MB for main workspace.
Performing single-pass merge (39 samples, 82434 variants).
Merged fileset written to refpanel_plusHuxleyandIda-merge.bed +
refpanel_plusHuxleyandIda-merge.bim + refpanel_plusHuxleyandIda-merge.fam .
82434 variants loaded from .bim file.
39 samples (22 males, 17 females) loaded from .fam.
Using 1 thread (no multithreaded calculations invoked).
Before main variant filters, 39 founders and 0 nonfounders present.
Calculating allele frequencies... done.
Total genotyping rate is 0.994041.
82434 variants and 39 samples pass filters and QC.
Note: No phenotypes present.
--make-bed to refpanel_plusHuxleyandIda.bed + refpanel_plusHuxleyandIda.bim +
refpanel_plusHuxleyandIda.fam ... done.

End time: Tue Sep 29 17:15:10 2026
