PLINK v1.9.0-b.8 64-bit (22 Oct 2024)
Options in effect:
  --allow-extra-chr
  --bfile no_indels_fixed_refpanel_plusHuxleyandIda
  --chr-set 42
  --out cleanedSNPs_refpanel_plusHuxleyandIda
  --recode vcf bgz

Hostname: FAS-GJ3WCJFTQ4
Working directory: /Users/adamfreedman/workspace/AncestrySnpsToPcaDemo/data
Start time: Tue Oct  6 16:58:06 2026

Random number seed: 1791320286
18432 MB RAM detected; reserving 9216 MB for main workspace.
82297 variants loaded from .bim file.
37 samples (21 males, 16 females) loaded from .fam.
Using up to 10 threads (change this with --threads).
Before main variant filters, 37 founders and 0 nonfounders present.
Calculating allele frequencies... done.
Total genotyping rate is 0.994043.
82297 variants and 37 samples pass filters and QC.
Note: No phenotypes present.
Warning: Underscore(s) present in sample IDs.
--recode vcf bgz to cleanedSNPs_refpanel_plusHuxleyandIda.vcf.gz ... done.

End time: Tue Oct  6 16:58:06 2026
