PLINK v1.9.0-b.8 64-bit (22 Oct 2024)
Options in effect:
  --allow-extra-chr
  --bfile huxley
  --chr-set 42
  --make-bed
  --merge-list merge_list.txt
  --out dogs_merged

Hostname: FAS-GJ3WCJFTQ4
Working directory: /Users/adamfreedman/workspace/AncestrySnpsToPcaDemo/data
Start time: Tue Sep 22 12:19:56 2026

Random number seed: 1790093996
18432 MB RAM detected; reserving 9216 MB for main workspace.
Performing single-pass merge (2 samples, 82434 variants).
Merged fileset written to dogs_merged-merge.bed + dogs_merged-merge.bim +
dogs_merged-merge.fam .
82434 variants loaded from .bim file.
2 samples (1 male, 1 female) loaded from .fam.
Using 1 thread (no multithreaded calculations invoked).
Before main variant filters, 2 founders and 0 nonfounders present.
Calculating allele frequencies... done.
Total genotyping rate is 0.998538.
82434 variants and 2 samples pass filters and QC.
Note: No phenotypes present.
--make-bed to dogs_merged.bed + dogs_merged.bim + dogs_merged.fam ... done.

End time: Tue Sep 22 12:19:57 2026
