PLINK v1.9.0-b.8 64-bit (22 Oct 2024)
Options in effect:
  --allow-extra-chr
  --bfile refpanel_plusHuxleyandIda
  --chr-set 42
  --exclude indels_to_remove.txt
  --make-bed
  --out no_indels_fixed_refpanel_plusHuxleyandIda

Hostname: FAS-GJ3WCJFTQ4
Working directory: /Users/adamfreedman/workspace/AncestrySnpsToPcaDemo/data
Start time: Tue Oct  6 16:54:06 2026

Random number seed: 1791320046
18432 MB RAM detected; reserving 9216 MB for main workspace.
82434 variants loaded from .bim file.
37 samples (21 males, 16 females) loaded from .fam.
--exclude: 82297 variants remaining.
Using 1 thread (no multithreaded calculations invoked).
Before main variant filters, 37 founders and 0 nonfounders present.
Calculating allele frequencies... done.
Total genotyping rate is 0.994043.
82297 variants and 37 samples pass filters and QC.
Note: No phenotypes present.
--make-bed to no_indels_fixed_refpanel_plusHuxleyandIda.bed +
no_indels_fixed_refpanel_plusHuxleyandIda.bim +
no_indels_fixed_refpanel_plusHuxleyandIda.fam ... done.

End time: Tue Oct  6 16:54:06 2026
